Copyright 1986-2020 Xilinx, Inc. All Rights Reserved.
----------------------------------------------------------------------------------------------
| Tool Version : Vivado v.2020.2 (win64) Build 3064766 Wed Nov 18 09:12:45 MST 2020
| Date         : Wed Mar 29 16:52:20 2023
| Host         : CEAT-ENDV350-01 running 64-bit major release  (build 9200)
| Command      : report_timing -file synth_report_timing_0.rpt -rpx synth_report_timing_0.rpx
| Design       : top_demo
| Device       : 7z020-clg484
| Speed File   : -1  PRODUCTION 1.12 2019-11-22
----------------------------------------------------------------------------------------------

Timing Report

Slack:                    inf
  Source:                 blinker/FSM_onehot_state_reg[9]/C
                            (rising edge-triggered cell FDCE)
  Destination:            led[3]
                            (output port)
  Path Group:             (none)
  Path Type:              Max at Slow Process Corner
  Data Path Delay:        5.357ns  (logic 3.568ns (66.609%)  route 1.789ns (33.391%))
  Logic Levels:           3  (FDCE=1 LUT6=1 OBUF=1)

    Location             Delay type                Incr(ns)  Path(ns)    Netlist Resource(s)
  -------------------------------------------------------------------    -------------------
                         FDCE                         0.000     0.000 r  blinker/FSM_onehot_state_reg[9]/C
                         FDCE (Prop_fdce_C_Q)         0.689     0.689 r  blinker/FSM_onehot_state_reg[9]/Q
                         net (fo=4, unplaced)         0.989     1.678    blinker/FSM_onehot_state_reg_n_0_[9]
                         LUT6 (Prop_lut6_I0_O)        0.295     1.973 r  blinker/led_OBUF[3]_inst_i_1/O
                         net (fo=1, unplaced)         0.800     2.773    led_OBUF[3]
                         OBUF (Prop_obuf_I_O)         2.584     5.357 r  led_OBUF[3]_inst/O
                         net (fo=0)                   0.000     5.357    led[3]
                                                                      r  led[3] (OUT)
  -------------------------------------------------------------------    -------------------




